     Assembly listing for: addTwoInputs.mas
                Assembled: Thu Mar 30 20:30:32 EDT 2023

         |           ORG 100             
         |                              
         |                              / get input one from user and store it
100 5000 |           INPUT               
101 2108 |           STORE inputOne      
         |                              
         |                              / get input one from user and store it
102 5000 |           INPUT               
103 2109 |           STORE inputTwo      
         |                              
         |                              / add input one
104 3108 |           ADD inputOne        
         |                              
         |                              / store the result in sum
105 210A |           STORE sum           
106 6000 |           OUTPUT              
107 7000 |           HALT                
         |                              
108 0000 |  inputOne DEC 0               
109 0000 |  inputTwo DEC 0               
10A 0000 |  sum      DEC 0               

Assembly successful.

         SYMBOL TABLE
         ----------------------------------------------------
          Symbol   | Defined | References 
         ----------+---------+-------------------------------
          inputOne |   108   | 101, 104
          inputTwo |   109   | 103
          sum      |   10A   | 105
         ----------------------------------------------------

